// Jest Snapshot v1, https://goo.gl/fbAQLP

exports[`examples/getters error should return error as expected 1`] = `
Object {
  "message": "message",
  "name": "name",
}
`;

exports[`examples/getters list should return list as expected 1`] = `
Object {
  "0": Object {
    "id": "1",
  },
}
`;
