// Jest Snapshot v1, https://goo.gl/fbAQLP

exports[`examples/state should not change unexpected 1`] = `
Object {
  "error": undefined,
  "isLoading": false,
  "list": Array [],
}
`;
