// Jest Snapshot v1, https://goo.gl/fbAQLP

exports[`enGb should not change unexpected 1`] = `
Object {
  "message": Object {
    "add-failure": "Failed to add {0}",
    "add-success": "Successfully added {0}",
    "app-name": ".NetCore Vue Template",
    "cancel": "Cancel",
    "dark-theme": "Dark theme",
    "date-time-added": "Added on",
    "date-time-updated": "Updated on",
    "de-DE": "German",
    "de-DE-native": "Deutsch",
    "delete": "Delete",
    "delete-failure": "Failed to delete {0}",
    "delete-message": "Do you really want to delete {0}?",
    "delete-success": "Successfully deleted {0}",
    "delete-title": "Delete?",
    "en-GB": "English",
    "en-GB-native": "English",
    "es-ES": "Spanish",
    "es-ES-native": "Español",
    "example": "Example | Examples",
    "home": "Home | Homes",
    "id": "Id | Ids",
    "last-used": "Last used",
    "light-theme": "Light theme",
    "search": "Search",
    "ta-LK": "Tamil",
    "ta-LK-native": "தமிழ்",
    "update-failure": "Failed to update {0}",
    "update-success": "Successfully updated {0}",
    "value": "Value | Values",
  },
}
`;
